1
2
4
1
1
3
5
5
7
9
12
15
16
16
19
21
21
23
26
31
31
34
34
34
39
40
41
46
48
48
46
58
52
55
58
64
61
67
65
66
67
69
70
74
78
74
80
81
90
89
92
87
102
2500
1
1
